
> react-typescript-starter@0.1.0 test
> react-scripts test --coverage

PASS src/text.test.tsx
PASS src/App.test.tsx
PASS src/HtmlCss.test.tsx
----------|---------|----------|---------|---------|-------------------
File      | % Stmts | % Branch | % Funcs | % Lines | Uncovered Line #s 
----------|---------|----------|---------|---------|-------------------
All files |      60 |      100 |      50 |      60 |                   
 App.tsx  |      60 |      100 |      50 |      60 | 18-22             
----------|---------|----------|---------|---------|-------------------

Test Suites: 3 passed, 3 total
Tests:       9 passed, 9 total
Snapshots:   0 total
Time:        2.645 s
Ran all test suites.
